[0.011s] Invoking command in '/home/rena/ros2_ws/src/build/lab1': CMAKE_PREFIX_PATH=${CMAKE_PREFIX_PATH}:/opt/ros/humble /usr/bin/cmake /home/rena/ros2_ws/src/lab1 -DAMENT_CMAKE_SYMLINK_INSTALL=1 -DCMAKE_INSTALL_PREFIX=/home/rena/ros2_ws/src/install/lab1
[0.146s] -- The C compiler identification is GNU 11.4.0
[0.623s] -- The CXX compiler identification is GNU 11.4.0
[0.920s] -- Detecting C compiler ABI info
[0.994s] -- Detecting C compiler ABI info - done
[0.998s] -- Check for working C compiler: /usr/bin/cc - skipped
[0.999s] -- Detecting C compile features
[1.000s] -- Detecting C compile features - done
[1.002s] -- Detecting CXX compiler ABI info
[1.093s] -- Detecting CXX compiler ABI info - done
[1.098s] -- Check for working CXX compiler: /usr/bin/c++ - skipped
[1.098s] -- Detecting CXX compile features
[1.098s] -- Detecting CXX compile features - done
[1.108s] -- Found ament_cmake: 1.3.14 (/opt/ros/humble/share/ament_cmake/cmake)
[1.209s] -- Found Python3: /usr/bin/python3 (found version "3.10.12") found components: Interpreter 
[1.260s] -- Override CMake install command with custom implementation using symlinks instead of copying resources
[1.284s] -- Found ament_lint_auto: 0.12.15 (/opt/ros/humble/share/ament_lint_auto/cmake)
[1.343s] -- Added test 'flake8' to check Python code syntax and style conventions
[1.344s] -- Added test 'lint_cmake' to check CMake code style
[1.344s] -- Added test 'pep257' to check Python code against some of the docstring style conventions in PEP 257
[1.346s] -- Added test 'xmllint' to check XML markup files
[1.347s] -- Configuring done
[1.350s] -- Generating done
[1.351s] -- Build files have been written to: /home/rena/ros2_ws/src/build/lab1
[1.354s] Invoked command in '/home/rena/ros2_ws/src/build/lab1' returned '0': CMAKE_PREFIX_PATH=${CMAKE_PREFIX_PATH}:/opt/ros/humble /usr/bin/cmake /home/rena/ros2_ws/src/lab1 -DAMENT_CMAKE_SYMLINK_INSTALL=1 -DCMAKE_INSTALL_PREFIX=/home/rena/ros2_ws/src/install/lab1
[1.354s] Invoking command in '/home/rena/ros2_ws/src/build/lab1': CMAKE_PREFIX_PATH=${CMAKE_PREFIX_PATH}:/opt/ros/humble /usr/bin/cmake --build /home/rena/ros2_ws/src/build/lab1 -- -j12 -l12
[1.375s] Invoked command in '/home/rena/ros2_ws/src/build/lab1' returned '0': CMAKE_PREFIX_PATH=${CMAKE_PREFIX_PATH}:/opt/ros/humble /usr/bin/cmake --build /home/rena/ros2_ws/src/build/lab1 -- -j12 -l12
[1.380s] Invoking command in '/home/rena/ros2_ws/src/build/lab1': CMAKE_PREFIX_PATH=${CMAKE_PREFIX_PATH}:/opt/ros/humble /usr/bin/cmake --install /home/rena/ros2_ws/src/build/lab1
[1.384s] -- Install configuration: ""
[1.385s] -- Execute custom install script
[1.385s] -- Symlinking: /home/rena/ros2_ws/src/install/lab1/lib/lab1/dead_reckoning_nav.py
[1.390s] -- Symlinking: /home/rena/ros2_ws/src/install/lab1/lib/lab1/pose_loader.py
[1.396s] -- Symlinking: /home/rena/ros2_ws/src/install/lab1/share/lab1//launch/lab1_simulator.xml
[1.401s] -- Symlinking: /home/rena/ros2_ws/src/install/lab1/share/ament_index/resource_index/package_run_dependencies/lab1
[1.408s] -- Symlinking: /home/rena/ros2_ws/src/install/lab1/share/ament_index/resource_index/parent_prefix_path/lab1
[1.413s] -- Symlinking: /home/rena/ros2_ws/src/install/lab1/share/lab1/environment/ament_prefix_path.sh
[1.418s] -- Symlinking: /home/rena/ros2_ws/src/install/lab1/share/lab1/environment/ament_prefix_path.dsv
[1.423s] -- Symlinking: /home/rena/ros2_ws/src/install/lab1/share/lab1/environment/path.sh
[1.428s] -- Symlinking: /home/rena/ros2_ws/src/install/lab1/share/lab1/environment/path.dsv
[1.433s] -- Symlinking: /home/rena/ros2_ws/src/install/lab1/share/lab1/local_setup.bash
[1.438s] -- Symlinking: /home/rena/ros2_ws/src/install/lab1/share/lab1/local_setup.sh
[1.442s] -- Symlinking: /home/rena/ros2_ws/src/install/lab1/share/lab1/local_setup.zsh
[1.448s] -- Symlinking: /home/rena/ros2_ws/src/install/lab1/share/lab1/local_setup.dsv
[1.454s] -- Symlinking: /home/rena/ros2_ws/src/install/lab1/share/lab1/package.dsv
[1.459s] -- Symlinking: /home/rena/ros2_ws/src/install/lab1/share/ament_index/resource_index/packages/lab1
[1.464s] -- Symlinking: /home/rena/ros2_ws/src/install/lab1/share/lab1/cmake/lab1Config.cmake
[1.469s] -- Symlinking: /home/rena/ros2_ws/src/install/lab1/share/lab1/cmake/lab1Config-version.cmake
[1.474s] -- Symlinking: /home/rena/ros2_ws/src/install/lab1/share/lab1/package.xml
[1.480s] Invoked command in '/home/rena/ros2_ws/src/build/lab1' returned '0': CMAKE_PREFIX_PATH=${CMAKE_PREFIX_PATH}:/opt/ros/humble /usr/bin/cmake --install /home/rena/ros2_ws/src/build/lab1
